// Vitest Snapshot v1, https://vitest.dev/guide/snapshot.html

exports[`ProductCard component > it displays elements with props supplied 1`] = `
<div>
  <div
    class="_card_371a27"
  >
    <div>
      <img
        alt=""
        src="image of item"
      />
    </div>
    <p>
      cool shirt
    </p>
    <p>
      $429
    </p>
    <div>
      Quantity:
      <input
        type="number"
        value="1"
      />
    </div>
    <button
      type="button"
    >
      Add to Cart
    </button>
  </div>
</div>
`;
